main.c:99:6:setTimer0	16	static
main.c:106:6:setTimerLED	16	static
main.c:113:6:setTimerMATRIX	16	static
main.c:118:6:timer_run	4	static
main.c:138:5:main	8	static
main.c:225:6:SystemClock_Config	72	static
main.c:261:13:MX_TIM2_Init	32	static
main.c:306:13:MX_GPIO_Init	32	static
main.c:355:6:HAL_TIM_PeriodElapsedCallback	16	static
main.c:359:6:display7SEG	16	static
main.c:406:6:update7SEG	16	static
main.c:441:6:updateClockBuffer	4	static
main.c:448:6:displayLEDMatrix	16	static
main.c:481:6:updateLEDMatrix	24	static
main.c:540:6:Error_Handler	4	static,ignoring_inline_asm
