main.c:80:6:setTimer0	16	static
main.c:87:6:setTimerLED	16	static
main.c:94:6:setTimerMATRIX	16	static
main.c:99:6:timer_run	4	static
main.c:119:5:main	8	static
main.c:202:6:SystemClock_Config	72	static
main.c:238:13:MX_TIM2_Init	32	static
main.c:283:13:MX_GPIO_Init	32	static
main.c:332:6:HAL_TIM_PeriodElapsedCallback	16	static
main.c:336:6:display7SEG	16	static
main.c:383:6:update7SEG	16	static
main.c:418:6:updateClockBuffer	4	static
main.c:425:6:displayLEDMatrix	16	static
main.c:458:6:updateLEDMatrix	24	static
main.c:517:6:Error_Handler	4	static,ignoring_inline_asm
